Allan@Allan-PC MINGW64 ~
$ cd /c/Users/Allan

Allan@Allan-PC MINGW64 ~
$ git clone https://github.com/Allanrdias/Projects.git
Cloning into 'Projects'...
remote: Enumerating objects: 4, done.
remote: Counting objects: 100% (4/4), done.
remote: Compressing objects: 100% (3/3), done.
remote: Total 4 (delta 0), reused 0 (delta 0), pack-reused 0
Receiving objects: 100% (4/4), done.

Allan@Allan-PC MINGW64 ~
$ cd Projects

Allan@Allan-PC MINGW64 ~/Projects (main)
$ ls
README.md

Allan@Allan-PC MINGW64 ~/Projects (main)
$ git checkout -b incluir-arquivo-java
Switched to a new branch 'incluir-arquivo-java'

Allan@Allan-PC MINGW64 ~/Projects (incluir-arquivo-java)
$ git status
On branch incluir-arquivo-java
nothing to commit, working tree clean

Allan@Allan-PC MINGW64 ~/Projects (incluir-arquivo-java)
$ git branch
* incluir-arquivo-java
  main

Allan@Allan-PC MINGW64 ~/Projects (incluir-arquivo-java)
$ git status
On branch incluir-arquivos
Untracked files:
  (use "git add <file>..." to include in what will be committed)
        Main.java

nothing added to commit but untracked files present (use "git add" to track)

Senai Celso Charuri@CCH06LABM37 MINGW64 ~/GIT (incluir-slides)
$ git add .

Allan@Allan-PC MINGW64 ~/Projects (incluir-arquivo-java)
$ git commit -m "Incluindo arquivo Java"
[incluir-arquivo-java 68f8e9c] Incluindo arquivo Java
 1 file changed, 5 insertions(+)
 create mode 100644 Main.java

Allan@Allan-PC MINGW64 ~/Projects (incluir-arquivo-java)
$ git status
On branch incluir-arquivo-java
nothing to commit, working tree clean

Allan@Allan-PC MINGW64 ~/Projects (incluir-arquivo-java)
$ git checkout main
Switched to branch 'main'
Your branch is up to date with 'origin/main'.

Allan@Allan-PC MINGW64 ~/Projects (main)
$ git merge incluir-arquivo-java -m "Merge inclusão arquivo Java"
Updating 2e98ab9..68f8e9c
Fast-forward (no commit created; -m option ignored)
 Main.java | 5 +++++
 1 file changed, 5 insertions(+)
 create mode 100644 Main.java

Allan@Allan-PC MINGW64 ~/Projects (main)
$ git push
Enumerating objects: 4, done.
Counting objects: 100% (4/4), done.
Delta compression using up to 12 threads
Compressing objects: 100% (3/3), done.
Writing objects: 100% (3/3), 417 bytes | 417.00 KiB/s, done.
Total 3 (delta 0), reused 0 (delta 0), pack-reused 0
To https://github.com/Allanrdias/Projects.git
   2e98ab9..68f8e9c  main -> main
